Traceback (most recent call last):


  File "C:\Users\LENOVO THINKPAD\Documents\Aventa_AI_2026\Aventa_HFT_Pro_2026_v734\test_strategy_tester.py", line 420, in <module>
    sys.exit(main())
  File "C:\Users\LENOVO THINKPAD\Documents\Aventa_AI_2026\Aventa_HFT_Pro_2026_v734\test_strategy_tester.py", line 374, in main
    print("\u2554" + "="*68 + "\u2557")
  File "C:\Users\LENOVO THINKPAD\AppData\Local\Programs\Python\Python310\lib\encodings\cp1252.py", line 19, in encode
    return codecs.charmap_encode(input,self.errors,encoding_table)[0]
UnicodeEncodeError: 'charmap' codec can't encode character '\u2554' in position 0: character maps to <undefined>
